size is 6327
pre-order: [2980 [2870 [842 [462 [157 [42 [90 [47]]] [276 [259 [264]]]] [654 [645 [463] [646]]]] [1296 [1201 [883 [862] [1025 [906] [1049]]]] [1874 [1784 [1681 [1443 [1632 [1444 [1446 [1526 [1485 [1510]]]]]]] [1738 [1750]]]] [2544 [1992 [2405 [2189 [2058 [2055]] [2195 [2309 [2404]]]]]] [2703 [2574] [2776 [2720 [2730]]]]]]]]] [5421 [4480 [3177 [3052] [3882 [3225 [3334 [3257 [3282]] [3531 [3449 [3351 [3336]]] [3675 [3549 [3533]] [3782]]]]] [4200 [3981 [3999]]]]] [5191 [4520 [4589 [4600 [5035 [4696]]]]]]] [5464 [7646 [6358 [5928 [5701 [5468 [5575 [5571 [5495 [5539]]]]]] [5973 [5940] [6168 [6020] [6284 [6314]]]]] [6914 [6566 [6391] [6763 [6801]]] [7224 [7246 [7430 [7350 [7348]] [7431 [7561 [7527 [7540]]]]]]]]] [8979 [8771 [7854 [8187 [7869 [7858] [8084 [8048]]] [8577 [8427 [8367]]]]]] [9105 [9054] [9455 [9246 [9227 [9179 [9159 [9117]]]] [9269]] [9837 [9596 [9509 [9543]]] [9840]]]]]]]]]
level: 2980
2870 5421
842 4480 5464
462 1296 3177 5191 7646
157 654 1201 1874 3052 3882 4520 6358 8979
42 276 645 883 1784 2544 3225 4200 4589 5928 6914 8771 9105
90 259 463 646 862 1025 1681 1992 2703 3334 3981 4600 5701 5973 6566 7224 7854 9054 9455
47 264 906 1049 1443 1738 2405 2574 2776 3257 3531 3999 5035 5468 5940 6168 6391 6763 7246 8187 9246 9837
1632 1750 2189 2720 3282 3449 3675 4696 5575 6020 6284 6801 7430 7869 8577 9227 9269 9596 9840
1444 2058 2195 2730 3351 3549 3782 5571 6314 7350 7431 7858 8084 8427 9179 9509
1446 2055 2309 3336 3533 5495 7348 7561 8048 8367 9159 9543
1526 2404 5539 7527 9117
1485 7540
1510
size is 129
Nodes: 129
Minimum depth: 1
Maximum depth: 13
